forecast: {"rows": 10053, "input_tokens": 11069831, "usd_per_million": 0.1, "total_usd": 1.107, "high_usd": 1.66, "cap_usd": 30.0, "basis": "smoke ledger benchmark/results/edition2-smoke/gpt-6-luna.jsonl: measured input tokens per subtask fitted on state characters, applied to every selected row; high = 1.5 x"}
gpt-6-luna           content/request            1731 sent, 1 failed
gpt-6-luna           content/reply              756 sent, 0 failed
gpt-6-luna           prompt_attacks/direct             3180 sent, 0 failed
gpt-6-luna           prompt_attacks/indirect           1420 sent, 0 failed
gpt-6-luna           denied_topics/topic              718 sent, 0 failed
gpt-6-luna           sensitive_info/entity_detection   720 sent, 9 failed
gpt-6-luna           grounding/grounding          724 sent, 0 failed
gpt-6-luna           word_filters/word               100 sent, 0 failed
gpt-6-luna           word_filters/profanity          704 sent, 0 failed
gpt-6-luna: 1013s
retry pass 1: 10 rows
gpt-6-luna           content/request              1 sent, 1 failed
gpt-6-luna           content/reply                0 sent, 0 failed
gpt-6-luna           prompt_attacks/direct               0 sent, 0 failed
gpt-6-luna           prompt_attacks/indirect             0 sent, 0 failed
gpt-6-luna           denied_topics/topic                0 sent, 0 failed
gpt-6-luna           sensitive_info/entity_detection     9 sent, 9 failed
gpt-6-luna           grounding/grounding            0 sent, 0 failed
gpt-6-luna           word_filters/word                 0 sent, 0 failed
gpt-6-luna           word_filters/profanity            0 sent, 0 failed
gpt-6-luna: 2s
retry pass 2: 10 rows
gpt-6-luna           content/request              1 sent, 1 failed
gpt-6-luna           content/reply                0 sent, 0 failed
gpt-6-luna           prompt_attacks/direct               0 sent, 0 failed
gpt-6-luna           prompt_attacks/indirect             0 sent, 0 failed
gpt-6-luna           denied_topics/topic                0 sent, 0 failed
gpt-6-luna           sensitive_info/entity_detection     9 sent, 9 failed
gpt-6-luna           grounding/grounding            0 sent, 0 failed
gpt-6-luna           word_filters/word                 0 sent, 0 failed
gpt-6-luna           word_filters/profanity            0 sent, 0 failed
gpt-6-luna: 2s
done in 17.0 min; failed after retries: 10
