
=== 2026-10-05T04:31:56Z run --systems open,strands --only laya
Fetching 13 files:   0%|          | 0/13 [00:00<?, ?it/s]Fetching 13 files: 100%|██████████| 13/13 [00:00<00:00, 2538.57it/s]
laya                 content/request            1731 sent, 0 failed
laya                 content/reply              756 sent, 0 failed
laya                 prompt_attacks/direct             2655 sent, 0 failed
laya                 denied_topics/topic              718 sent, 0 failed
laya                 sensitive_info/entity_detection   720 sent, 0 failed
laya                 grounding/grounding          724 sent, 0 failed
laya                 word_filters/word               100 sent, 0 failed
laya                 word_filters/profanity          704 sent, 0 failed
laya: 5451s

=== 2026-10-05T06:37:03Z run --systems open,strands --only laya
Fetching 13 files:   0%|          | 0/13 [00:00<?, ?it/s]Fetching 13 files: 100%|██████████| 13/13 [00:00<00:00, 1473.28it/s]
laya                 content/request              0 sent, 0 failed
laya                 content/reply                0 sent, 0 failed
laya                 prompt_attacks/direct               0 sent, 0 failed
laya                 denied_topics/topic                0 sent, 0 failed
laya                 sensitive_info/entity_detection     0 sent, 0 failed
laya                 grounding/grounding            0 sent, 0 failed
laya                 word_filters/word                 0 sent, 0 failed
laya                 word_filters/profanity            0 sent, 0 failed
laya: 0s
