
=== 2026-10-05T04:31:55Z make up (exit 0)
infra/ctl.sh up
starting gold-rails-serve in us-east4-a
waiting for 6 model servers (first boot downloads weights; a restart takes ~4 min)
ready: 6 servers reachable through tunnels
vm: RUNNING us-east4-a (project raxit-ai)
  kev-0-8b       gpu 0  port 8009  tunnel listening
  kev-4b         gpu 0  port 8010  tunnel listening
  open-jev-2b    gpu 0  port 8791  tunnel listening
  kev-9b         gpu 1  port 8011  tunnel listening
  laya           gpu 1  port 8012  tunnel listening
  strands-decider-2b gpu 0  port 8013  tunnel listening

=== 2026-10-05T06:26:35Z make up (exit 2)
infra/ctl.sh up
starting gold-rails-serve in us-east4-a
waiting for 6 model servers (first boot downloads weights; a restart takes ~4 min)
only 3/6 servers up after 15 min; check: gcloud compute instances get-serial-port-output gold-rails-serve
make: *** [up] Error 1

=== 2026-10-05T06:37:03Z make up (exit 0)
infra/ctl.sh up
gold-rails-serve already running in us-east4-a
waiting for 6 model servers (first boot downloads weights; a restart takes ~4 min)
ready: 6 servers reachable through tunnels
vm: RUNNING us-east4-a (project raxit-ai)
  kev-0-8b       gpu 0  port 8009  tunnel listening
  kev-4b         gpu 0  port 8010  tunnel listening
  open-jev-2b    gpu 0  port 8791  tunnel listening
  kev-9b         gpu 1  port 8011  tunnel listening
  laya           gpu 1  port 8012  tunnel listening
  strands-decider-2b gpu 0  port 8013  tunnel listening

=== 2026-10-05T08:51:36Z make up (exit 0)
infra/ctl.sh up
starting gold-rails-serve in us-east4-a
waiting for 6 model servers (first boot downloads weights; a restart takes ~4 min)
ready: 6 servers reachable through tunnels
vm: RUNNING us-east4-a (project raxit-ai)
  kev-0-8b       gpu 0  port 8009  tunnel listening
  kev-4b         gpu 0  port 8010  tunnel listening
  open-jev-2b    gpu 0  port 8791  tunnel listening
  kev-9b         gpu 1  port 8011  tunnel listening
  laya           gpu 1  port 8012  tunnel listening
  strands-decider-2b gpu 0  port 8013  tunnel listening
