
=== 2026-10-05T06:10:38Z make pause (exit 0)
infra/ctl.sh pause
paused: VM stopped, disk kept (~$20/month at list for 200 GB); 'make up' resumes in ~4 min
Stopping instance(s) gold-rails-serve...
.....................................................................................................................................................................................................................................................................................................................................................................................................................................................................................................................................................................................................done.
Updated [https://compute.googleapis.com/compute/v1/projects/raxit-ai/zones/us-east4-a/instances/gold-rails-serve].

=== 2026-10-05T06:27:33Z make pause (exit 0)
infra/ctl.sh pause
paused: VM stopped, disk kept (~$20/month at list for 200 GB); 'make up' resumes in ~4 min
Stopping instance(s) gold-rails-serve...
.......................................................................................................................................................................................................................................................................done.
Updated [https://compute.googleapis.com/compute/v1/projects/raxit-ai/zones/us-east4-a/instances/gold-rails-serve].

=== 2026-10-05T08:46:52Z make pause (exit 0)
infra/ctl.sh pause
paused: VM stopped, disk kept (~$20/month at list for 200 GB); 'make up' resumes in ~4 min
Stopping instance(s) gold-rails-serve...
............................................................................................................................................................................................................................................................................................................................................................................................................................................................................................................................................................................................................................................................................................................done.
Updated [https://compute.googleapis.com/compute/v1/projects/raxit-ai/zones/us-east4-a/instances/gold-rails-serve].

=== 2026-10-05T08:59:47Z make pause (exit 0)
infra/ctl.sh pause
paused: VM stopped, disk kept (~$20/month at list for 200 GB); 'make up' resumes in ~4 min
Stopping instance(s) gold-rails-serve...
.....................................................................................................................................................................................................................................................................................................................................done.
Updated [https://compute.googleapis.com/compute/v1/projects/raxit-ai/zones/us-east4-a/instances/gold-rails-serve].
