vm up at 2026-10-05T06:36:42Z
[vm] retry pass 1: {'kev-0-8b': 224, 'kev-4b': 230, 'open-jev-2b': 209}
vm paused at 2026-10-05T08:46:52Z
[vm] paused (exit 0); ['vm: TERMINATED us-east4-a (project raxit-ai)']; terminated=True
Traceback (most recent call last):
  File "/Users/adeshgairola/Documents/raxIT/code/raxitlabs-github/jev-as-a-guardrails/benchmark/runs/e2_full.py", line 659, in <module>
    sys.exit(main())
             ~~~~^^
  File "/Users/adeshgairola/Documents/raxIT/code/raxitlabs-github/jev-as-a-guardrails/benchmark/runs/e2_full.py", line 644, in main
    r = vm_run()
  File "/Users/adeshgairola/Documents/raxIT/code/raxitlabs-github/jev-as-a-guardrails/benchmark/runs/e2_full.py", line 359, in vm_run
    res["retry_passes"] = _retry_passes(lambda n: ["run", "--systems", "open,strands", "--only", n],
                          ~~~~~~~~~~~~~^^^^^^^^^^^^^^^^^^^^^^^^^^^^^^^^^^^^^^^^^^^^^^^^^^^^^^^^^^^^^
                                        list(VM_SYSTEMS), "vm")
                                        ^^^^^^^^^^^^^^^^^^^^^^^
  File "/Users/adeshgairola/Documents/raxIT/code/raxitlabs-github/jev-as-a-guardrails/benchmark/runs/e2_full.py", line 302, in _retry_passes
    codes = _wait(procs)
  File "/Users/adeshgairola/Documents/raxIT/code/raxitlabs-github/jev-as-a-guardrails/benchmark/runs/e2_full.py", line 289, in _wait
    return {k: p.wait() for k, p in procs.items()}
               ~~~~~~^^
  File "/Users/adeshgairola/.local/share/uv/python/cpython-3.13.2-macos-aarch64-none/lib/python3.13/subprocess.py", line 1276, in wait
    return self._wait(timeout=timeout)
           ~~~~~~~~~~^^^^^^^^^^^^^^^^^
  File "/Users/adeshgairola/.local/share/uv/python/cpython-3.13.2-macos-aarch64-none/lib/python3.13/subprocess.py", line 2068, in _wait
    (pid, sts) = self._try_wait(0)
                 ~~~~~~~~~~~~~~^^^
  File "/Users/adeshgairola/.local/share/uv/python/cpython-3.13.2-macos-aarch64-none/lib/python3.13/subprocess.py", line 2026, in _try_wait
    (pid, sts) = os.waitpid(self.pid, wait_flags)
                 ~~~~~~~~~~^^^^^^^^^^^^^^^^^^^^^^
  File "/Users/adeshgairola/Documents/raxIT/code/raxitlabs-github/jev-as-a-guardrails/benchmark/runs/e2_full.py", line 347, in on_term
    raise _Term()
_Term
