
=== 2026-10-06T09:31:00Z make pause (exit 0)
infra/ctl.sh pause
paused: VM stopped, disk kept (~$20/month at list for 200 GB); 'make up' resumes in ~4 min

=== 2026-10-06T10:01:51Z make pause (exit 0)
infra/ctl.sh pause
paused: VM stopped, disk kept (~$20/month at list for 200 GB); 'make up' resumes in ~4 min
Stopping instance(s) gold-rails-serve...
...............................................................................................................................................................................................................................................................done.
Updated [https://compute.googleapis.com/compute/v1/projects/raxit-ai/zones/us-east4-a/instances/gold-rails-serve].
infra/ctl.sh pause
Stopping instance(s) gold-rails-serve...
........................................................................................................................................................................................................................................................................................done.
Updated [https://compute.googleapis.com/compute/v1/projects/raxit-ai/zones/us-east4-a/instances/gold-rails-serve].
paused: VM stopped, disk kept (~$20/month at list for 200 GB); 'make up' resumes in ~4 min

=== 2026-10-06T11:46:48Z make pause (exit 0)
infra/ctl.sh pause
paused: VM stopped, disk kept (~$20/month at list for 200 GB); 'make up' resumes in ~4 min
Stopping instance(s) gold-rails-serve...
...................................................................................................................................................................................................................................................................................................done.
Updated [https://compute.googleapis.com/compute/v1/projects/raxit-ai/zones/us-east4-a/instances/gold-rails-serve].
