
=== 2026-10-06T09:30:59Z make up (exit 2)
infra/ctl.sh up
starting gold-rails-serve in us-east4-a
  GPU stockout in us-east4-a (attempt 1/6); retrying in 90s
  GPU stockout in us-east4-a (attempt 2/6); retrying in 90s
  GPU stockout in us-east4-a (attempt 3/6); retrying in 90s
  GPU stockout in us-east4-a (attempt 4/6); retrying in 90s
  GPU stockout in us-east4-a (attempt 5/6); retrying in 90s
  available to fulfill the request.  'NULL:0/NULL:0/NULL:0 (state:STOCKOUT, sub-state:STOCKOUT,
  resource type:compute)'.

could not start gold-rails-serve; try later, or 'make down' and 'make up' to recreate it where capacity exists (weights re-download, ~10 min)
make: *** [up] Error 1

=== 2026-10-06T10:00:54Z make up (exit 2)
infra/ctl.sh up
starting gold-rails-serve in us-east4-a
  GPU stockout in us-east4-a (attempt 1/6); retrying in 90s
  GPU stockout in us-east4-a (attempt 2/6); retrying in 90s
  GPU stockout in us-east4-a (attempt 3/6); retrying in 90s
  GPU stockout in us-east4-a (attempt 4/6); retrying in 90s
  GPU stockout in us-east4-a (attempt 5/6); retrying in 90s
waiting for 6 model servers (first boot downloads weights; a restart takes ~4 min)
only 5/6 servers up after 15 min; check: gcloud compute instances get-serial-port-output gold-rails-serve
make: *** [up] Error 1
--- make up 1 10:04:09
infra/ctl.sh up
starting gold-rails-serve in us-east4-a
  GPU stockout in us-east4-a (attempt 1/6); retrying in 90s
  GPU stockout in us-east4-a (attempt 2/6); retrying in 90s
  GPU stockout in us-east4-a (attempt 3/6); retrying in 90s
  GPU stockout in us-east4-a (attempt 4/6); retrying in 90s
waiting for 6 model servers (first boot downloads weights; a restart takes ~4 min)
only 5/6 servers up after 15 min; check: gcloud compute instances get-serial-port-output gold-rails-serve
make: *** [up] Error 1
--- make up 1 10:28:24
infra/ctl.sh up
starting gold-rails-serve in us-east4-a
waiting for 6 model servers (first boot downloads weights; a restart takes ~4 min)
ready: 6 servers reachable through tunnels
vm: RUNNING us-east4-a (project raxit-ai)
  kev-0-8b       gpu 0  port 8009  tunnel listening
  kev-4b         gpu 0  port 8010  tunnel listening
  open-jev-2b    gpu 0  port 8791  tunnel listening
  kev-9b         gpu 1  port 8011  tunnel listening
  laya           gpu 1  port 8012  tunnel listening
  strands-decider-2b gpu 0  port 8013  tunnel listening

=== 2026-10-06T10:40:22Z make up (exit 0)
infra/ctl.sh up
gold-rails-serve already running in us-east4-a
waiting for 6 model servers (first boot downloads weights; a restart takes ~4 min)
ready: 6 servers reachable through tunnels
vm: RUNNING us-east4-a (project raxit-ai)
  kev-0-8b       gpu 0  port 8009  tunnel listening
  kev-4b         gpu 0  port 8010  tunnel listening
  open-jev-2b    gpu 0  port 8791  tunnel listening
  kev-9b         gpu 1  port 8011  tunnel listening
  laya           gpu 1  port 8012  tunnel listening
  strands-decider-2b gpu 0  port 8013  tunnel listening
